info: Jun-03-2026 02:01:30: 	Logged in as 會說話的鄭培宇#5520!
info: Jun-03-2026 02:01:31: 	Successfully reloaded 5 application (/) commands.
error: Jun-03-2026 02:01:41: 	[SovitsService] error: SyntaxError: Unexpected token '<', "<html>
<h"... is not valid JSON
info: Jun-03-2026 02:06:23: 	Logged in as 會說話的鄭培宇#5520!
info: Jun-03-2026 02:06:24: 	Successfully reloaded 5 application (/) commands.
info: Jun-03-2026 02:06:35: 	[SovitsService] Received: {"msg":"estimation","event_id":"50cba6ce88b84e1ca254958d0a53c559","rank":0,"queue_size":1,"rank_eta":null}
info: Jun-03-2026 02:06:35: 	[SovitsService] Received: {"msg":"process_starts","event_id":"50cba6ce88b84e1ca254958d0a53c559","eta":null}
info: Jun-03-2026 02:06:35: 	[SovitsService] Received: {"msg":"log","event_id":"50cba6ce88b84e1ca254958d0a53c559","log":"Converting audio...","level":"info","duration":10,"visible":true,"title":"Info"}
info: Jun-03-2026 02:06:35: 	[SovitsService] Received: {"msg":"log","event_id":"50cba6ce88b84e1ca254958d0a53c559","log":"Using custom reference text...","level":"info","duration":10,"visible":true,"title":"Info"}
info: Jun-03-2026 02:06:35: 	[SovitsService] Received: {"msg":"log","event_id":"50cba6ce88b84e1ca254958d0a53c559","log":"Generating audio in 1 batches...","level":"info","duration":10,"visible":true,"title":"Info"}
info: Jun-03-2026 02:06:35: 	[SovitsService] Received: {"msg":"progress","event_id":"50cba6ce88b84e1ca254958d0a53c559","progress_data":[{"index":0,"length":1,"unit":"steps","progress":null,"desc":null}]}
info: Jun-03-2026 02:06:35: 	[SovitsService] Received: {"msg":"progress","event_id":"50cba6ce88b84e1ca254958d0a53c559","progress_data":[{"index":1,"length":1,"unit":"steps","progress":null,"desc":null}]}
info: Jun-03-2026 02:06:35: 	[SovitsService] Received: {"msg":"process_completed","event_id":"50cba6ce88b84e1ca254958d0a53c559","output":{"data":[{"path":"/tmp/gradio/3ce76e7f6240fdee7aaca36d2b618306e04bda9e65c1ca6416c5be5c3152c830/audio.wav","url":"https://f5tts.ethci.app/gradio_api/file=/tmp/gradio/3ce76e7f6240fdee7aaca36d2b618306e04bda9e65c1ca6416c5be5c3152c830/audio.wav","size":null,"orig_name":"audio.wav","mime_type":null,"is_stream":false,"meta":{"_type":"gradio.FileData"}},{"path":"/tmp/gradio/0f8f2abd0eb5afb04a85566c241a9d63aa115b0a3f7f1438a1cb465be8f171c7/tmp97vf6kdz.png","url":"https://f5tts.ethci.app/gradio_api/file=/tmp/gradio/0f8f2abd0eb5afb04a85566c241a9d63aa115b0a3f7f1438a1cb465be8f171c7/tmp97vf6kdz.png","size":null,"orig_name":"tmp97vf6kdz.png","mime_type":null,"is_stream":false,"meta":{"_type":"gradio.FileData"}},"听说学生是因为打闹息息导致,过程中导师没有在旁处理,导致学生伤势严重,你们如何向家长交代?. ",1344096519],"is_generating":false,"duration":2.024885892868042,"average_duration":2.024885892868042,"render_config":null,"changed_state_ids":[]},"success":true,"title":null}
info: Jun-03-2026 02:08:51: 	Logged in as 會說話的鄭培宇#5520!
info: Jun-03-2026 02:08:51: 	Successfully reloaded 5 application (/) commands.
info: Jun-03-2026 02:09:05: 	[SovitsService] Received: {"msg":"estimation","event_id":"a39070da020b466dbed2dedb582308ff","rank":0,"queue_size":1,"rank_eta":2.032766819000244}
info: Jun-03-2026 02:09:05: 	[SovitsService] Received: {"msg":"process_starts","event_id":"a39070da020b466dbed2dedb582308ff","eta":2.032766819000244}
info: Jun-03-2026 02:09:05: 	[SovitsService] Received: {"msg":"log","event_id":"a39070da020b466dbed2dedb582308ff","log":"Converting audio...","level":"info","duration":10,"visible":true,"title":"Info"}
info: Jun-03-2026 02:09:05: 	[SovitsService] Received: {"msg":"log","event_id":"a39070da020b466dbed2dedb582308ff","log":"Using cached preprocessed reference audio...","level":"info","duration":10,"visible":true,"title":"Info"}
info: Jun-03-2026 02:09:05: 	[SovitsService] Received: {"msg":"log","event_id":"a39070da020b466dbed2dedb582308ff","log":"Using custom reference text...","level":"info","duration":10,"visible":true,"title":"Info"}
info: Jun-03-2026 02:09:05: 	[SovitsService] Received: {"msg":"log","event_id":"a39070da020b466dbed2dedb582308ff","log":"Generating audio in 1 batches...","level":"info","duration":10,"visible":true,"title":"Info"}
info: Jun-03-2026 02:09:05: 	[SovitsService] Received: {"msg":"progress","event_id":"a39070da020b466dbed2dedb582308ff","progress_data":[{"index":0,"length":1,"unit":"steps","progress":null,"desc":null}]}
info: Jun-03-2026 02:09:05: 	[SovitsService] Received: {"msg":"progress","event_id":"a39070da020b466dbed2dedb582308ff","progress_data":[{"index":1,"length":1,"unit":"steps","progress":null,"desc":null}]}
info: Jun-03-2026 02:09:05: 	[SovitsService] Received: {"msg":"process_completed","event_id":"a39070da020b466dbed2dedb582308ff","output":{"data":[{"path":"/tmp/gradio/625f368ad0800aadbb966cbf2869330a85f1c133226df6a5218fcf198e9a2e78/audio.wav","url":"https://f5tts.ethci.app/gradio_api/file=/tmp/gradio/625f368ad0800aadbb966cbf2869330a85f1c133226df6a5218fcf198e9a2e78/audio.wav","size":null,"orig_name":"audio.wav","mime_type":null,"is_stream":false,"meta":{"_type":"gradio.FileData"}},{"path":"/tmp/gradio/45e23939ec0e69b50f1cef6fb945aff5335ef9dd55bf383ccee09c5b97c8178d/tmp6_9a4zcg.png","url":"https://f5tts.ethci.app/gradio_api/file=/tmp/gradio/45e23939ec0e69b50f1cef6fb945aff5335ef9dd55bf383ccee09c5b97c8178d/tmp6_9a4zcg.png","size":null,"orig_name":"tmp6_9a4zcg.png","mime_type":null,"is_stream":false,"meta":{"_type":"gradio.FileData"}},"听说学生是因为打闹息息导致,过程中导师没有在旁处理,导致学生伤势严重,你们如何向家长交代?. ",805949879],"is_generating":false,"duration":1.019094705581665,"average_duration":1.5219902992248535,"render_config":null,"changed_state_ids":[]},"success":true,"title":null}
info: Jun-03-2026 02:09:12: 	[SovitsService] Received: {"msg":"estimation","event_id":"c25bc75532374f58a9fc9ab255b78227","rank":0,"queue_size":1,"rank_eta":1.5289697647094727}
info: Jun-03-2026 02:09:12: 	[SovitsService] Received: {"msg":"process_starts","event_id":"c25bc75532374f58a9fc9ab255b78227","eta":1.5289697647094727}
info: Jun-03-2026 02:09:12: 	[SovitsService] Received: {"msg":"log","event_id":"c25bc75532374f58a9fc9ab255b78227","log":"Converting audio...","level":"info","duration":10,"visible":true,"title":"Info"}
info: Jun-03-2026 02:09:12: 	[SovitsService] Received: {"msg":"log","event_id":"c25bc75532374f58a9fc9ab255b78227","log":"Audio is over 12s, clipping short. (2)","level":"info","duration":10,"visible":true,"title":"Info"}
info: Jun-03-2026 02:09:12: 	[SovitsService] Received: {"msg":"log","event_id":"c25bc75532374f58a9fc9ab255b78227","log":"Using custom reference text...","level":"info","duration":10,"visible":true,"title":"Info"}
info: Jun-03-2026 02:09:12: 	[SovitsService] Received: {"msg":"log","event_id":"c25bc75532374f58a9fc9ab255b78227","log":"Generating audio in 1 batches...","level":"info","duration":10,"visible":true,"title":"Info"}
info: Jun-03-2026 02:09:12: 	[SovitsService] Received: {"msg":"progress","event_id":"c25bc75532374f58a9fc9ab255b78227","progress_data":[{"index":0,"length":1,"unit":"steps","progress":null,"desc":null}]}
info: Jun-03-2026 02:09:12: 	[SovitsService] Received: {"msg":"progress","event_id":"c25bc75532374f58a9fc9ab255b78227","progress_data":[{"index":1,"length":1,"unit":"steps","progress":null,"desc":null}]}
info: Jun-03-2026 02:09:12: 	[SovitsService] Received: {"msg":"process_completed","event_id":"c25bc75532374f58a9fc9ab255b78227","output":{"data":[{"path":"/tmp/gradio/f04f1ea2e887c8d132aa31398d384af6a4a422d3cfbfc932913a2eb47bc76f29/audio.wav","url":"https://f5tts.ethci.app/gradio_api/file=/tmp/gradio/f04f1ea2e887c8d132aa31398d384af6a4a422d3cfbfc932913a2eb47bc76f29/audio.wav","size":null,"orig_name":"audio.wav","mime_type":null,"is_stream":false,"meta":{"_type":"gradio.FileData"}},{"path":"/tmp/gradio/8f1f36d987ae20e3b9ba9823f6f3ca24914a3c31094ee52fed445dd01e9d5dbe/tmpkzczuafs.png","url":"https://f5tts.ethci.app/gradio_api/file=/tmp/gradio/8f1f36d987ae20e3b9ba9823f6f3ca24914a3c31094ee52fed445dd01e9d5dbe/tmpkzczuafs.png","size":null,"orig_name":"tmpkzczuafs.png","mime_type":null,"is_stream":false,"meta":{"_type":"gradio.FileData"}},"听说学生是因为打闹息息导致,过程中导师没有在旁处理,导致学生伤势严重,你们如何向家长交代?. ",2047779594],"is_generating":false,"duration":1.0546040534973145,"average_duration":1.3661948839823406,"render_config":null,"changed_state_ids":[]},"success":true,"title":null}
info: Jun-03-2026 02:12:21: 	Logged in as 會說話的鄭培宇#5520!
info: Jun-03-2026 02:12:22: 	Successfully reloaded 5 application (/) commands.
info: Jun-03-2026 02:12:37: 	[SovitsService] Received: {"msg":"estimation","event_id":"49a253c991c943b8af82a218ea82daa8","rank":0,"queue_size":1,"rank_eta":1.3729260762532551}
info: Jun-03-2026 02:12:37: 	[SovitsService] Received: {"msg":"process_starts","event_id":"49a253c991c943b8af82a218ea82daa8","eta":1.3729260762532551}
info: Jun-03-2026 02:12:37: 	[SovitsService] Received: {"msg":"log","event_id":"49a253c991c943b8af82a218ea82daa8","log":"Converting audio...","level":"info","duration":10,"visible":true,"title":"Info"}
info: Jun-03-2026 02:12:37: 	[SovitsService] Received: {"msg":"log","event_id":"49a253c991c943b8af82a218ea82daa8","log":"Using cached preprocessed reference audio...","level":"info","duration":10,"visible":true,"title":"Info"}
info: Jun-03-2026 02:12:37: 	[SovitsService] Received: {"msg":"log","event_id":"49a253c991c943b8af82a218ea82daa8","log":"No reference text provided, transcribing reference audio...","level":"info","duration":10,"visible":true,"title":"Info"}
info: Jun-03-2026 02:12:37: 	[SovitsService] Received: {"msg":"log","event_id":"49a253c991c943b8af82a218ea82daa8","log":"Generating audio in 1 batches...","level":"info","duration":10,"visible":true,"title":"Info"}
info: Jun-03-2026 02:12:37: 	[SovitsService] Received: {"msg":"progress","event_id":"49a253c991c943b8af82a218ea82daa8","progress_data":[{"index":0,"length":1,"unit":"steps","progress":null,"desc":null}]}
info: Jun-03-2026 02:12:37: 	[SovitsService] Received: {"msg":"progress","event_id":"49a253c991c943b8af82a218ea82daa8","progress_data":[{"index":1,"length":1,"unit":"steps","progress":null,"desc":null}]}
info: Jun-03-2026 02:12:37: 	[SovitsService] Received: {"msg":"process_completed","event_id":"49a253c991c943b8af82a218ea82daa8","output":{"data":[{"path":"/tmp/gradio/131f7f310a37ebcf0670a583c7550bbe630e052727f150f9bc5bfb0b71f1c37a/audio.wav","url":"https://f5tts.ethci.app/gradio_api/file=/tmp/gradio/131f7f310a37ebcf0670a583c7550bbe630e052727f150f9bc5bfb0b71f1c37a/audio.wav","size":null,"orig_name":"audio.wav","mime_type":null,"is_stream":false,"meta":{"_type":"gradio.FileData"}},{"path":"/tmp/gradio/7af3983c107406283b81b5f3a16efb722015cf0691f9183832dae9d0b7f7bb1f/tmpyba7z31e.png","url":"https://f5tts.ethci.app/gradio_api/file=/tmp/gradio/7af3983c107406283b81b5f3a16efb722015cf0691f9183832dae9d0b7f7bb1f/tmpyba7z31e.png","size":null,"orig_name":"tmpyba7z31e.png","mime_type":null,"is_stream":false,"meta":{"_type":"gradio.FileData"}},"阿寬的講法是他沒有時間陪阿瑟阿瑟不喜歡這種狀況覺得分手我也沒有問阿瑟發生什麼事情阿瑟說. ",630505066],"is_generating":false,"duration":4.209882974624634,"average_duration":2.077116906642914,"render_config":null,"changed_state_ids":[]},"success":true,"title":null}
info: Jun-03-2026 02:13:13: 	Logged in as 會說話的鄭培宇#5520!
info: Jun-03-2026 02:13:14: 	Successfully reloaded 5 application (/) commands.
info: Jun-03-2026 02:13:34: 	[SovitsService] Received: {"msg":"estimation","event_id":"a74fd1416b0c4d8ea2577befa14943e1","rank":0,"queue_size":1,"rank_eta":2.0833620429039}
info: Jun-03-2026 02:13:34: 	[SovitsService] Received: {"msg":"process_starts","event_id":"a74fd1416b0c4d8ea2577befa14943e1","eta":2.0833620429039}
info: Jun-03-2026 02:13:34: 	[SovitsService] Received: {"msg":"log","event_id":"a74fd1416b0c4d8ea2577befa14943e1","log":"Converting audio...","level":"info","duration":10,"visible":true,"title":"Info"}
info: Jun-03-2026 02:13:34: 	[SovitsService] Received: {"msg":"log","event_id":"a74fd1416b0c4d8ea2577befa14943e1","log":"Using cached preprocessed reference audio...","level":"info","duration":10,"visible":true,"title":"Info"}
info: Jun-03-2026 02:13:34: 	[SovitsService] Received: {"msg":"log","event_id":"a74fd1416b0c4d8ea2577befa14943e1","log":"Using custom reference text...","level":"info","duration":10,"visible":true,"title":"Info"}
info: Jun-03-2026 02:13:34: 	[SovitsService] Received: {"msg":"log","event_id":"a74fd1416b0c4d8ea2577befa14943e1","log":"Generating audio in 1 batches...","level":"info","duration":10,"visible":true,"title":"Info"}
info: Jun-03-2026 02:13:34: 	[SovitsService] Received: {"msg":"progress","event_id":"a74fd1416b0c4d8ea2577befa14943e1","progress_data":[{"index":0,"length":1,"unit":"steps","progress":null,"desc":null}]}
info: Jun-03-2026 02:13:34: 	[SovitsService] Received: {"msg":"progress","event_id":"a74fd1416b0c4d8ea2577befa14943e1","progress_data":[{"index":1,"length":1,"unit":"steps","progress":null,"desc":null}]}
info: Jun-03-2026 02:13:34: 	[SovitsService] Received: {"msg":"process_completed","event_id":"a74fd1416b0c4d8ea2577befa14943e1","output":{"data":[{"path":"/tmp/gradio/d6c5babf7401c4263fdc807e91e889c2b8c08ff693c30f6dcf400a05f60b28c1/audio.wav","url":"https://f5tts.ethci.app/gradio_api/file=/tmp/gradio/d6c5babf7401c4263fdc807e91e889c2b8c08ff693c30f6dcf400a05f60b28c1/audio.wav","size":null,"orig_name":"audio.wav","mime_type":null,"is_stream":false,"meta":{"_type":"gradio.FileData"}},{"path":"/tmp/gradio/9905cfd14450ce0961506f7a0dac5fd69b867882a990e2d9216262a991979c97/tmp8y487gjh.png","url":"https://f5tts.ethci.app/gradio_api/file=/tmp/gradio/9905cfd14450ce0961506f7a0dac5fd69b867882a990e2d9216262a991979c97/tmp8y487gjh.png","size":null,"orig_name":"tmp8y487gjh.png","mime_type":null,"is_stream":false,"meta":{"_type":"gradio.FileData"}},"阿寬的講法是他沒有時間陪阿瑟阿瑟不喜歡這種狀況覺得分手我也沒有問阿瑟發生什麼事情阿瑟說. ",991439696],"is_generating":false,"duration":1.0312819480895996,"average_duration":1.867949914932251,"render_config":null,"changed_state_ids":[]},"success":true,"title":null}
info: Jun-03-2026 02:17:51: 	Logged in as 會說話的鄭培宇#5520!
info: Jun-03-2026 02:17:51: 	Successfully reloaded 5 application (/) commands.
info: Jun-03-2026 02:18:19: 	[SovitsService] Received: {"msg":"estimation","event_id":"b8ec7d5ea1064f9dadb5f95dccfe90d6","rank":0,"queue_size":1,"rank_eta":1.8742908477783202}
info: Jun-03-2026 02:18:19: 	[SovitsService] Received: {"msg":"process_starts","event_id":"b8ec7d5ea1064f9dadb5f95dccfe90d6","eta":1.8742908477783202}
info: Jun-03-2026 02:18:19: 	[SovitsService] Received: {"msg":"log","event_id":"b8ec7d5ea1064f9dadb5f95dccfe90d6","log":"Converting audio...","level":"info","duration":10,"visible":true,"title":"Info"}
info: Jun-03-2026 02:18:19: 	[SovitsService] Received: {"msg":"log","event_id":"b8ec7d5ea1064f9dadb5f95dccfe90d6","log":"No reference text provided, transcribing reference audio...","level":"info","duration":10,"visible":true,"title":"Info"}
info: Jun-03-2026 02:18:19: 	[SovitsService] Received: {"msg":"log","event_id":"b8ec7d5ea1064f9dadb5f95dccfe90d6","log":"Generating audio in 1 batches...","level":"info","duration":10,"visible":true,"title":"Info"}
info: Jun-03-2026 02:18:19: 	[SovitsService] Received: {"msg":"progress","event_id":"b8ec7d5ea1064f9dadb5f95dccfe90d6","progress_data":[{"index":0,"length":1,"unit":"steps","progress":null,"desc":null}]}
info: Jun-03-2026 02:18:19: 	[SovitsService] Received: {"msg":"progress","event_id":"b8ec7d5ea1064f9dadb5f95dccfe90d6","progress_data":[{"index":1,"length":1,"unit":"steps","progress":null,"desc":null}]}
info: Jun-03-2026 02:18:19: 	[SovitsService] Received: {"msg":"process_completed","event_id":"b8ec7d5ea1064f9dadb5f95dccfe90d6","output":{"data":[{"path":"/tmp/gradio/f089461e2455443c5dfd4d07f9ab295c6210503f3cf6eb9a738bf84bf50a7cfc/audio.wav","url":"https://f5tts.ethci.app/gradio_api/file=/tmp/gradio/f089461e2455443c5dfd4d07f9ab295c6210503f3cf6eb9a738bf84bf50a7cfc/audio.wav","size":null,"orig_name":"audio.wav","mime_type":null,"is_stream":false,"meta":{"_type":"gradio.FileData"}},{"path":"/tmp/gradio/8666c3b5c37d723cb44b770c13d3d08addae6db249b38f48be252eac5d941af7/tmpurgcgk1g.png","url":"https://f5tts.ethci.app/gradio_api/file=/tmp/gradio/8666c3b5c37d723cb44b770c13d3d08addae6db249b38f48be252eac5d941af7/tmpurgcgk1g.png","size":null,"orig_name":"tmpurgcgk1g.png","mime_type":null,"is_stream":false,"meta":{"_type":"gradio.FileData"}},"剛進公司就接這麼複雜的案子有點意外但還好錢很多. ",510979237],"is_generating":false,"duration":1.3295817375183105,"average_duration":1.778221885363261,"render_config":null,"changed_state_ids":[]},"success":true,"title":null}
info: Jun-03-2026 02:18:32: 	[SovitsService] Received: {"msg":"estimation","event_id":"e1be7a3115404d54b03373b28b5e23d3","rank":0,"queue_size":1,"rank_eta":1.7843921581904094}
info: Jun-03-2026 02:18:32: 	[SovitsService] Received: {"msg":"process_starts","event_id":"e1be7a3115404d54b03373b28b5e23d3","eta":1.7843921581904094}
info: Jun-03-2026 02:18:32: 	[SovitsService] Received: {"msg":"log","event_id":"e1be7a3115404d54b03373b28b5e23d3","log":"Converting audio...","level":"info","duration":10,"visible":true,"title":"Info"}
info: Jun-03-2026 02:18:32: 	[SovitsService] Received: {"msg":"log","event_id":"e1be7a3115404d54b03373b28b5e23d3","log":"Using cached preprocessed reference audio...","level":"info","duration":10,"visible":true,"title":"Info"}
info: Jun-03-2026 02:18:32: 	[SovitsService] Received: {"msg":"log","event_id":"e1be7a3115404d54b03373b28b5e23d3","log":"Using cached reference text...","level":"info","duration":10,"visible":true,"title":"Info"}
info: Jun-03-2026 02:18:32: 	[SovitsService] Received: {"msg":"log","event_id":"e1be7a3115404d54b03373b28b5e23d3","log":"Generating audio in 1 batches...","level":"info","duration":10,"visible":true,"title":"Info"}
info: Jun-03-2026 02:18:32: 	[SovitsService] Received: {"msg":"progress","event_id":"e1be7a3115404d54b03373b28b5e23d3","progress_data":[{"index":0,"length":1,"unit":"steps","progress":null,"desc":null}]}
info: Jun-03-2026 02:18:32: 	[SovitsService] Received: {"msg":"progress","event_id":"e1be7a3115404d54b03373b28b5e23d3","progress_data":[{"index":1,"length":1,"unit":"steps","progress":null,"desc":null}]}
info: Jun-03-2026 02:18:32: 	[SovitsService] Received: {"msg":"process_completed","event_id":"e1be7a3115404d54b03373b28b5e23d3","output":{"data":[{"path":"/tmp/gradio/235ce7691c0daeb4e774c4ca8baacc4378436bca06ec2e1b0716436fa6e68394/audio.wav","url":"https://f5tts.ethci.app/gradio_api/file=/tmp/gradio/235ce7691c0daeb4e774c4ca8baacc4378436bca06ec2e1b0716436fa6e68394/audio.wav","size":null,"orig_name":"audio.wav","mime_type":null,"is_stream":false,"meta":{"_type":"gradio.FileData"}},{"path":"/tmp/gradio/2ca43ba0e9b49dd404d1409b98088384b70cf42668a8754ff8fbf89065378a33/tmpnps5xuzr.png","url":"https://f5tts.ethci.app/gradio_api/file=/tmp/gradio/2ca43ba0e9b49dd404d1409b98088384b70cf42668a8754ff8fbf89065378a33/tmpnps5xuzr.png","size":null,"orig_name":"tmpnps5xuzr.png","mime_type":null,"is_stream":false,"meta":{"_type":"gradio.FileData"}},"剛進公司就接這麼複雜的案子有點意外但還好錢很多. ",631313996],"is_generating":false,"duration":0.996701717376709,"average_duration":1.6665761470794678,"render_config":null,"changed_state_ids":[]},"success":true,"title":null}
info: Jun-03-2026 02:19:17: 	Logged in as 會說話的鄭培宇#5520!
info: Jun-03-2026 02:19:18: 	Successfully reloaded 5 application (/) commands.
info: Jun-03-2026 02:19:29: 	[SovitsService] Received: {"msg":"estimation","event_id":"73b95cb3c2984eeeb5544ae8bae20998","rank":0,"queue_size":1,"rank_eta":1.6732169900621687}
info: Jun-03-2026 02:19:29: 	[SovitsService] Received: {"msg":"process_starts","event_id":"73b95cb3c2984eeeb5544ae8bae20998","eta":1.6732169900621687}
info: Jun-03-2026 02:19:29: 	[SovitsService] Received: {"msg":"log","event_id":"73b95cb3c2984eeeb5544ae8bae20998","log":"Converting audio...","level":"info","duration":10,"visible":true,"title":"Info"}
info: Jun-03-2026 02:19:29: 	[SovitsService] Received: {"msg":"log","event_id":"73b95cb3c2984eeeb5544ae8bae20998","log":"Using cached preprocessed reference audio...","level":"info","duration":10,"visible":true,"title":"Info"}
info: Jun-03-2026 02:19:29: 	[SovitsService] Received: {"msg":"log","event_id":"73b95cb3c2984eeeb5544ae8bae20998","log":"Using custom reference text...","level":"info","duration":10,"visible":true,"title":"Info"}
info: Jun-03-2026 02:19:29: 	[SovitsService] Received: {"msg":"log","event_id":"73b95cb3c2984eeeb5544ae8bae20998","log":"Generating audio in 1 batches...","level":"info","duration":10,"visible":true,"title":"Info"}
info: Jun-03-2026 02:19:29: 	[SovitsService] Received: {"msg":"progress","event_id":"73b95cb3c2984eeeb5544ae8bae20998","progress_data":[{"index":0,"length":1,"unit":"steps","progress":null,"desc":null}]}
info: Jun-03-2026 02:19:29: 	[SovitsService] Received: {"msg":"progress","event_id":"73b95cb3c2984eeeb5544ae8bae20998","progress_data":[{"index":1,"length":1,"unit":"steps","progress":null,"desc":null}]}
info: Jun-03-2026 02:19:29: 	[SovitsService] Received: {"msg":"process_completed","event_id":"73b95cb3c2984eeeb5544ae8bae20998","output":{"data":[{"path":"/tmp/gradio/12be6df72113f621e60088d5c9fcb50b56c6983a2a723819cd6eb8a408da4db6/audio.wav","url":"https://f5tts.ethci.app/gradio_api/file=/tmp/gradio/12be6df72113f621e60088d5c9fcb50b56c6983a2a723819cd6eb8a408da4db6/audio.wav","size":null,"orig_name":"audio.wav","mime_type":null,"is_stream":false,"meta":{"_type":"gradio.FileData"}},{"path":"/tmp/gradio/a34495e93cd58e886f14f0e51755879627525a3ebeaca32a7db2e732eaef6351/tmp91y8w6y6.png","url":"https://f5tts.ethci.app/gradio_api/file=/tmp/gradio/a34495e93cd58e886f14f0e51755879627525a3ebeaca32a7db2e732eaef6351/tmp91y8w6y6.png","size":null,"orig_name":"tmp91y8w6y6.png","mime_type":null,"is_stream":false,"meta":{"_type":"gradio.FileData"}},"剛進公司就接這麼複雜的案子有點意外但還好錢很多. ",852301274],"is_generating":false,"duration":1.0236256122589111,"average_duration":1.5862073302268982,"render_config":null,"changed_state_ids":[]},"success":true,"title":null}
info: Jun-03-2026 02:22:47: 	Logged in as 會說話的鄭培宇#5520!
info: Jun-03-2026 02:22:47: 	Successfully reloaded 5 application (/) commands.
info: Jun-03-2026 02:23:16: 	Logged in as 會說話的鄭培宇#5520!
info: Jun-03-2026 02:23:17: 	Successfully reloaded 5 application (/) commands.
info: Jun-03-2026 02:23:33: 	[SovitsService] Received: {"msg":"estimation","event_id":"420b12a5e0344d279cb80f8609c525de","rank":0,"queue_size":1,"rank_eta":1.5929388403892517}
info: Jun-03-2026 02:23:33: 	[SovitsService] Received: {"msg":"process_starts","event_id":"420b12a5e0344d279cb80f8609c525de","eta":1.5929388403892517}
info: Jun-03-2026 02:23:33: 	[SovitsService] Received: {"msg":"log","event_id":"420b12a5e0344d279cb80f8609c525de","log":"Converting audio...","level":"info","duration":10,"visible":true,"title":"Info"}
info: Jun-03-2026 02:23:33: 	[SovitsService] Received: {"msg":"log","event_id":"420b12a5e0344d279cb80f8609c525de","log":"No reference text provided, transcribing reference audio...","level":"info","duration":10,"visible":true,"title":"Info"}
info: Jun-03-2026 02:23:33: 	[SovitsService] Received: {"msg":"log","event_id":"420b12a5e0344d279cb80f8609c525de","log":"Generating audio in 1 batches...","level":"info","duration":10,"visible":true,"title":"Info"}
info: Jun-03-2026 02:23:33: 	[SovitsService] Received: {"msg":"progress","event_id":"420b12a5e0344d279cb80f8609c525de","progress_data":[{"index":0,"length":1,"unit":"steps","progress":null,"desc":null}]}
info: Jun-03-2026 02:23:33: 	[SovitsService] Received: {"msg":"progress","event_id":"420b12a5e0344d279cb80f8609c525de","progress_data":[{"index":1,"length":1,"unit":"steps","progress":null,"desc":null}]}
info: Jun-03-2026 02:23:33: 	[SovitsService] Received: {"msg":"process_completed","event_id":"420b12a5e0344d279cb80f8609c525de","output":{"data":[{"path":"/tmp/gradio/bef0a27953c4b6be91924d14934fe529dd87b99ebf8a14c08332eff3808210f5/audio.wav","url":"https://f5tts.ethci.app/gradio_api/file=/tmp/gradio/bef0a27953c4b6be91924d14934fe529dd87b99ebf8a14c08332eff3808210f5/audio.wav","size":null,"orig_name":"audio.wav","mime_type":null,"is_stream":false,"meta":{"_type":"gradio.FileData"}},{"path":"/tmp/gradio/6cb3330e9da644411bfb2013a24172b2bca345e73da6590e454ad5ac0384abbd/tmpuhxyjrhx.png","url":"https://f5tts.ethci.app/gradio_api/file=/tmp/gradio/6cb3330e9da644411bfb2013a24172b2bca345e73da6590e454ad5ac0384abbd/tmpuhxyjrhx.png","size":null,"orig_name":"tmpuhxyjrhx.png","mime_type":null,"is_stream":false,"meta":{"_type":"gradio.FileData"}},"在这门课当中,我们将深入地探讨,到底你需要哪一些网路的装置,哪一些网路的媒介,才可以构成一个可以运作的网路。",21690472],"is_generating":false,"duration":1.4094834327697754,"average_duration":1.5665713416205511,"render_config":null,"changed_state_ids":[]},"success":true,"title":null}
